// Jest Snapshot v1, https://goo.gl/fbAQLP

exports[`AudioCategoryList Stories renders correct list when data exists 1`] = `
<div>
  <div
    class="MuiBox-root css-0"
  >
    <ul
      class="MuiList-root MuiList-padding css-h4y409-MuiList-root"
    >
      <li
        class="MuiListItem-root MuiListItem-gutters MuiListItem-padding css-ykqd4v-MuiListItem-root"
      >
        <div
          class="MuiListItemButton-root MuiListItemButton-gutters MuiButtonBase-root css-cvhtoe-MuiButtonBase-root-MuiListItemButton-root"
          role="button"
          tabindex="0"
        >
          <div
            class="MuiListItemAvatar-root css-1e9lk82-MuiListItemAvatar-root"
          >
            <div
              class="MuiAvatar-root MuiAvatar-circular MuiAvatar-colorDefault css-2s90m6-MuiAvatar-root"
            >
              <svg
                aria-hidden="true"
                class="MuiSvgIcon-root MuiSvgIcon-fontSizeMedium css-i4bv87-MuiSvgIcon-root"
                data-testid="FolderIcon"
                focusable="false"
                viewBox="0 0 24 24"
              >
                <path
                  d="M10 4H4c-1.1 0-1.99.9-1.99 2L2 18c0 1.1.9 2 2 2h16c1.1 0 2-.9 2-2V8c0-1.1-.9-2-2-2h-8l-2-2z"
                />
              </svg>
            </div>
          </div>
          <div
            class="MuiListItemText-root css-tlelie-MuiListItemText-root"
          >
            <span
              class="MuiTypography-root MuiTypography-body1 MuiListItemText-primary css-10hburv-MuiTypography-root"
            >
              Kick
            </span>
          </div>
          <span
            class="MuiTouchRipple-root css-8je8zh-MuiTouchRipple-root"
          />
        </div>
      </li>
      <li
        class="MuiListItem-root MuiListItem-gutters MuiListItem-padding css-ykqd4v-MuiListItem-root"
      >
        <div
          class="MuiListItemButton-root MuiListItemButton-gutters MuiButtonBase-root css-cvhtoe-MuiButtonBase-root-MuiListItemButton-root"
          role="button"
          tabindex="0"
        >
          <div
            class="MuiListItemAvatar-root css-1e9lk82-MuiListItemAvatar-root"
          >
            <div
              class="MuiAvatar-root MuiAvatar-circular MuiAvatar-colorDefault css-2s90m6-MuiAvatar-root"
            >
              <svg
                aria-hidden="true"
                class="MuiSvgIcon-root MuiSvgIcon-fontSizeMedium css-i4bv87-MuiSvgIcon-root"
                data-testid="FolderIcon"
                focusable="false"
                viewBox="0 0 24 24"
              >
                <path
                  d="M10 4H4c-1.1 0-1.99.9-1.99 2L2 18c0 1.1.9 2 2 2h16c1.1 0 2-.9 2-2V8c0-1.1-.9-2-2-2h-8l-2-2z"
                />
              </svg>
            </div>
          </div>
          <div
            class="MuiListItemText-root css-tlelie-MuiListItemText-root"
          >
            <span
              class="MuiTypography-root MuiTypography-body1 MuiListItemText-primary css-10hburv-MuiTypography-root"
            >
              Bass
            </span>
          </div>
          <span
            class="MuiTouchRipple-root css-8je8zh-MuiTouchRipple-root"
          />
        </div>
      </li>
      <li
        class="MuiListItem-root MuiListItem-gutters MuiListItem-padding css-ykqd4v-MuiListItem-root"
      >
        <div
          class="MuiListItemButton-root MuiListItemButton-gutters MuiButtonBase-root css-cvhtoe-MuiButtonBase-root-MuiListItemButton-root"
          role="button"
          tabindex="0"
        >
          <div
            class="MuiListItemAvatar-root css-1e9lk82-MuiListItemAvatar-root"
          >
            <div
              class="MuiAvatar-root MuiAvatar-circular MuiAvatar-colorDefault css-2s90m6-MuiAvatar-root"
            >
              <svg
                aria-hidden="true"
                class="MuiSvgIcon-root MuiSvgIcon-fontSizeMedium css-i4bv87-MuiSvgIcon-root"
                data-testid="FolderSpecialIcon"
                focusable="false"
                viewBox="0 0 24 24"
              >
                <path
                  d="M20 6h-8l-2-2H4c-1.1 0-2 .9-2 2v12c0 1.1.9 2 2 2h16c1.1 0 2-.9 2-2V8c0-1.1-.9-2-2-2zm-2.06 11L15 15.28 12.06 17l.78-3.33-2.59-2.24 3.41-.29L15 8l1.34 3.14 3.41.29-2.59 2.24.78 3.33z"
                />
              </svg>
            </div>
          </div>
          <div
            class="MuiListItemText-root css-tlelie-MuiListItemText-root"
          >
            <span
              class="MuiTypography-root MuiTypography-body1 MuiListItemText-primary css-10hburv-MuiTypography-root"
            >
              Synth
            </span>
          </div>
          <span
            class="MuiTouchRipple-root css-8je8zh-MuiTouchRipple-root"
          />
        </div>
      </li>
    </ul>
  </div>
</div>
`;

exports[`AudioCategoryList Stories renders correct text when data does not exist 1`] = `
<div>
  <div
    class="MuiBox-root css-0"
  >
    <ul
      class="MuiList-root MuiList-padding css-h4y409-MuiList-root"
    >
      <p
        class="MuiTypography-root MuiTypography-body1 css-wisbe8-MuiTypography-root"
      >
        - No Data -
      </p>
    </ul>
  </div>
</div>
`;
