// Jest Snapshot v1, https://goo.gl/fbAQLP

exports[`Step Sequencer Stories renders default 1`] = `
<div>
  <div
    class="MuiPaper-root MuiPaper-elevation MuiPaper-rounded MuiPaper-elevation1 MuiCard-root css-7mywch-MuiPaper-root-MuiCard-root"
  >
    <div
      class="MuiCardHeader-root css-1aseecf-MuiCardHeader-root"
    >
      <div
        class="MuiCardHeader-content css-1qbkelo-MuiCardHeader-content"
      >
        <span
          class="MuiTypography-root MuiTypography-subtitle2 MuiCardHeader-title css-1sr7afs-MuiTypography-root"
        >
          Step Sequencer
        </span>
      </div>
    </div>
    <div
      class="MuiCardContent-root css-198pza3-MuiCardContent-root"
    >
      <div
        class="MuiGrid-root MuiGrid-container css-1hbmzt3-MuiGrid-root"
      >
        <div
          class="MuiGrid-root MuiGrid-container MuiGrid-grid-xs-6 css-dzaaci-MuiGrid-root"
        >
          <div
            class="MuiGrid-root MuiGrid-item MuiGrid-direction-xs-column MuiGrid-grid-xs-3 css-10jz4s5-MuiGrid-root"
          >
            <div
              class="MuiBox-root css-zf09ms"
            />
          </div>
          <div
            class="MuiGrid-root MuiGrid-item MuiGrid-direction-xs-column MuiGrid-grid-xs-3 css-10jz4s5-MuiGrid-root"
          >
            <div
              class="MuiBox-root css-zf09ms"
            />
          </div>
          <div
            class="MuiGrid-root MuiGrid-item MuiGrid-direction-xs-column MuiGrid-grid-xs-3 css-10jz4s5-MuiGrid-root"
          >
            <div
              class="MuiBox-root css-zf09ms"
            />
          </div>
          <div
            class="MuiGrid-root MuiGrid-item MuiGrid-direction-xs-column MuiGrid-grid-xs-3 css-10jz4s5-MuiGrid-root"
          >
            <div
              class="MuiBox-root css-zf09ms"
            />
          </div>
        </div>
        <div
          class="MuiGrid-root MuiGrid-container MuiGrid-grid-xs-6 css-dzaaci-MuiGrid-root"
        >
          <div
            class="MuiGrid-root MuiGrid-item MuiGrid-direction-xs-column MuiGrid-grid-xs-3 css-10jz4s5-MuiGrid-root"
          >
            <div
              class="MuiBox-root css-zf09ms"
            />
          </div>
          <div
            class="MuiGrid-root MuiGrid-item MuiGrid-direction-xs-column MuiGrid-grid-xs-3 css-10jz4s5-MuiGrid-root"
          >
            <div
              class="MuiBox-root css-zf09ms"
            />
          </div>
          <div
            class="MuiGrid-root MuiGrid-item MuiGrid-direction-xs-column MuiGrid-grid-xs-3 css-10jz4s5-MuiGrid-root"
          >
            <div
              class="MuiBox-root css-zf09ms"
            />
          </div>
          <div
            class="MuiGrid-root MuiGrid-item MuiGrid-direction-xs-column MuiGrid-grid-xs-3 css-10jz4s5-MuiGrid-root"
          >
            <div
              class="MuiBox-root css-zf09ms"
            />
          </div>
        </div>
        <div
          class="MuiGrid-root MuiGrid-container MuiGrid-grid-xs-6 css-dzaaci-MuiGrid-root"
        >
          <div
            class="MuiGrid-root MuiGrid-item MuiGrid-direction-xs-column MuiGrid-grid-xs-3 css-10jz4s5-MuiGrid-root"
          >
            <div
              class="MuiBox-root css-zf09ms"
            />
          </div>
          <div
            class="MuiGrid-root MuiGrid-item MuiGrid-direction-xs-column MuiGrid-grid-xs-3 css-10jz4s5-MuiGrid-root"
          >
            <div
              class="MuiBox-root css-zf09ms"
            />
          </div>
          <div
            class="MuiGrid-root MuiGrid-item MuiGrid-direction-xs-column MuiGrid-grid-xs-3 css-10jz4s5-MuiGrid-root"
          >
            <div
              class="MuiBox-root css-zf09ms"
            />
          </div>
          <div
            class="MuiGrid-root MuiGrid-item MuiGrid-direction-xs-column MuiGrid-grid-xs-3 css-10jz4s5-MuiGrid-root"
          >
            <div
              class="MuiBox-root css-zf09ms"
            />
          </div>
        </div>
        <div
          class="MuiGrid-root MuiGrid-container MuiGrid-grid-xs-6 css-dzaaci-MuiGrid-root"
        >
          <div
            class="MuiGrid-root MuiGrid-item MuiGrid-direction-xs-column MuiGrid-grid-xs-3 css-10jz4s5-MuiGrid-root"
          >
            <div
              class="MuiBox-root css-zf09ms"
            />
          </div>
          <div
            class="MuiGrid-root MuiGrid-item MuiGrid-direction-xs-column MuiGrid-grid-xs-3 css-10jz4s5-MuiGrid-root"
          >
            <div
              class="MuiBox-root css-zf09ms"
            />
          </div>
          <div
            class="MuiGrid-root MuiGrid-item MuiGrid-direction-xs-column MuiGrid-grid-xs-3 css-10jz4s5-MuiGrid-root"
          >
            <div
              class="MuiBox-root css-zf09ms"
            />
          </div>
          <div
            class="MuiGrid-root MuiGrid-item MuiGrid-direction-xs-column MuiGrid-grid-xs-3 css-10jz4s5-MuiGrid-root"
          >
            <div
              class="MuiBox-root css-zf09ms"
            />
          </div>
        </div>
        <div
          class="MuiGrid-root MuiGrid-container MuiGrid-grid-xs-6 css-dzaaci-MuiGrid-root"
        >
          <div
            class="MuiGrid-root MuiGrid-item MuiGrid-direction-xs-column MuiGrid-grid-xs-3 css-10jz4s5-MuiGrid-root"
          >
            <div
              class="MuiBox-root css-zf09ms"
            />
          </div>
          <div
            class="MuiGrid-root MuiGrid-item MuiGrid-direction-xs-column MuiGrid-grid-xs-3 css-10jz4s5-MuiGrid-root"
          >
            <div
              class="MuiBox-root css-zf09ms"
            />
          </div>
          <div
            class="MuiGrid-root MuiGrid-item MuiGrid-direction-xs-column MuiGrid-grid-xs-3 css-10jz4s5-MuiGrid-root"
          >
            <div
              class="MuiBox-root css-zf09ms"
            />
          </div>
          <div
            class="MuiGrid-root MuiGrid-item MuiGrid-direction-xs-column MuiGrid-grid-xs-3 css-10jz4s5-MuiGrid-root"
          >
            <div
              class="MuiBox-root css-zf09ms"
            />
          </div>
        </div>
        <div
          class="MuiGrid-root MuiGrid-container MuiGrid-grid-xs-6 css-dzaaci-MuiGrid-root"
        >
          <div
            class="MuiGrid-root MuiGrid-item MuiGrid-direction-xs-column MuiGrid-grid-xs-3 css-10jz4s5-MuiGrid-root"
          >
            <div
              class="MuiBox-root css-zf09ms"
            />
          </div>
          <div
            class="MuiGrid-root MuiGrid-item MuiGrid-direction-xs-column MuiGrid-grid-xs-3 css-10jz4s5-MuiGrid-root"
          >
            <div
              class="MuiBox-root css-zf09ms"
            />
          </div>
          <div
            class="MuiGrid-root MuiGrid-item MuiGrid-direction-xs-column MuiGrid-grid-xs-3 css-10jz4s5-MuiGrid-root"
          >
            <div
              class="MuiBox-root css-zf09ms"
            />
          </div>
          <div
            class="MuiGrid-root MuiGrid-item MuiGrid-direction-xs-column MuiGrid-grid-xs-3 css-10jz4s5-MuiGrid-root"
          >
            <div
              class="MuiBox-root css-zf09ms"
            />
          </div>
        </div>
        <div
          class="MuiGrid-root MuiGrid-container MuiGrid-grid-xs-6 css-dzaaci-MuiGrid-root"
        >
          <div
            class="MuiGrid-root MuiGrid-item MuiGrid-direction-xs-column MuiGrid-grid-xs-3 css-10jz4s5-MuiGrid-root"
          >
            <div
              class="MuiBox-root css-zf09ms"
            />
          </div>
          <div
            class="MuiGrid-root MuiGrid-item MuiGrid-direction-xs-column MuiGrid-grid-xs-3 css-10jz4s5-MuiGrid-root"
          >
            <div
              class="MuiBox-root css-zf09ms"
            />
          </div>
          <div
            class="MuiGrid-root MuiGrid-item MuiGrid-direction-xs-column MuiGrid-grid-xs-3 css-10jz4s5-MuiGrid-root"
          >
            <div
              class="MuiBox-root css-zf09ms"
            />
          </div>
          <div
            class="MuiGrid-root MuiGrid-item MuiGrid-direction-xs-column MuiGrid-grid-xs-3 css-10jz4s5-MuiGrid-root"
          >
            <div
              class="MuiBox-root css-zf09ms"
            />
          </div>
        </div>
        <div
          class="MuiGrid-root MuiGrid-container MuiGrid-grid-xs-6 css-dzaaci-MuiGrid-root"
        >
          <div
            class="MuiGrid-root MuiGrid-item MuiGrid-direction-xs-column MuiGrid-grid-xs-3 css-10jz4s5-MuiGrid-root"
          >
            <div
              class="MuiBox-root css-zf09ms"
            />
          </div>
          <div
            class="MuiGrid-root MuiGrid-item MuiGrid-direction-xs-column MuiGrid-grid-xs-3 css-10jz4s5-MuiGrid-root"
          >
            <div
              class="MuiBox-root css-zf09ms"
            />
          </div>
          <div
            class="MuiGrid-root MuiGrid-item MuiGrid-direction-xs-column MuiGrid-grid-xs-3 css-10jz4s5-MuiGrid-root"
          >
            <div
              class="MuiBox-root css-zf09ms"
            />
          </div>
          <div
            class="MuiGrid-root MuiGrid-item MuiGrid-direction-xs-column MuiGrid-grid-xs-3 css-10jz4s5-MuiGrid-root"
          >
            <div
              class="MuiBox-root css-zf09ms"
            />
          </div>
        </div>
      </div>
    </div>
  </div>
</div>
`;
