// Jest Snapshot v1, https://goo.gl/fbAQLP

exports[`<PlaybackControl /> Renders component according to snapshot 1`] = `
<div>
  <div
    class="MuiPaper-root MuiPaper-elevation MuiPaper-rounded MuiPaper-elevation1 MuiCard-root css-7mywch-MuiPaper-root-MuiCard-root"
  >
    <div
      class="MuiCardHeader-root css-1aseecf-MuiCardHeader-root"
    >
      <div
        class="MuiCardHeader-content css-1qbkelo-MuiCardHeader-content"
      >
        <span
          class="MuiTypography-root MuiTypography-subtitle2 MuiCardHeader-title css-1sr7afs-MuiTypography-root"
        >
          Playback
        </span>
      </div>
    </div>
    <div
      class="MuiCardContent-root css-198pza3-MuiCardContent-root"
    >
      <div
        class="MuiToggleButtonGroup-root css-1gjgmky-MuiToggleButtonGroup-root"
        role="group"
      >
        <button
          aria-label="Play button"
          aria-pressed="false"
          class="MuiButtonBase-root MuiToggleButton-root MuiToggleButton-sizeMedium MuiToggleButton-standard MuiToggleButtonGroup-grouped MuiToggleButtonGroup-groupedHorizontal css-ueukts-MuiButtonBase-root-MuiToggleButton-root"
          tabindex="0"
          type="button"
          value="playing"
        >
          <svg
            aria-hidden="true"
            class="MuiSvgIcon-root MuiSvgIcon-fontSizeMedium css-i4bv87-MuiSvgIcon-root"
            data-testid="PlayArrowIcon"
            focusable="false"
            viewBox="0 0 24 24"
          >
            <path
              d="M8 5v14l11-7z"
            />
          </svg>
          <span
            class="MuiTouchRipple-root css-8je8zh-MuiTouchRipple-root"
          />
        </button>
        <button
          aria-label="Pause button"
          aria-pressed="false"
          class="MuiButtonBase-root MuiToggleButton-root MuiToggleButton-sizeMedium MuiToggleButton-standard MuiToggleButtonGroup-grouped MuiToggleButtonGroup-groupedHorizontal css-ueukts-MuiButtonBase-root-MuiToggleButton-root"
          tabindex="0"
          type="button"
          value="paused"
        >
          <svg
            aria-hidden="true"
            class="MuiSvgIcon-root MuiSvgIcon-fontSizeMedium css-i4bv87-MuiSvgIcon-root"
            data-testid="PauseIcon"
            focusable="false"
            viewBox="0 0 24 24"
          >
            <path
              d="M6 19h4V5H6v14zm8-14v14h4V5h-4z"
            />
          </svg>
          <span
            class="MuiTouchRipple-root css-8je8zh-MuiTouchRipple-root"
          />
        </button>
        <button
          aria-label="Stop button"
          aria-pressed="true"
          class="MuiButtonBase-root MuiToggleButton-root Mui-selected MuiToggleButton-sizeMedium MuiToggleButton-standard MuiToggleButtonGroup-grouped MuiToggleButtonGroup-groupedHorizontal css-ueukts-MuiButtonBase-root-MuiToggleButton-root"
          tabindex="0"
          type="button"
          value="stopped"
        >
          <svg
            aria-hidden="true"
            class="MuiSvgIcon-root MuiSvgIcon-fontSizeMedium css-i4bv87-MuiSvgIcon-root"
            data-testid="StopIcon"
            focusable="false"
            viewBox="0 0 24 24"
          >
            <path
              d="M6 6h12v12H6z"
            />
          </svg>
          <span
            class="MuiTouchRipple-root css-8je8zh-MuiTouchRipple-root"
          />
        </button>
      </div>
    </div>
  </div>
</div>
`;
