// Jest Snapshot v1, https://goo.gl/fbAQLP

exports[`Button Stories renders function () { [native code] } 1`] = `
<div>
  <button
    class="MuiButton-root MuiButton-text MuiButton-textPrimary MuiButton-sizeMedium MuiButton-textSizeMedium MuiButtonBase-root css-deftno-MuiButtonBase-root-MuiButton-root"
    tabindex="0"
    type="button"
  >
    test
    <span
      class="MuiTouchRipple-root css-8je8zh-MuiTouchRipple-root"
    />
  </button>
</div>
`;

exports[`Button Stories renders function () { [native code] } 2`] = `
<div>
  <button
    class="MuiButton-root MuiButton-text MuiButton-textPrimary MuiButton-sizeMedium MuiButton-textSizeMedium MuiButtonBase-root css-deftno-MuiButtonBase-root-MuiButton-root"
    tabindex="0"
    type="button"
  >
    test
    <span
      class="MuiTouchRipple-root css-8je8zh-MuiTouchRipple-root"
    />
  </button>
</div>
`;
