// Jest Snapshot v1, https://goo.gl/fbAQLP

exports[`AudioCategoryList Should render AudioCategoryList according to snapshot 1`] = `
<div>
  <div
    class="css-0"
    style="visibility: visible; position: absolute; min-width: max-content; inset: 0 auto auto 0;"
  >
    <div
      aria-orientation="vertical"
      class="chakra-menu__menu-list css-sjt5nk"
      id="menu-list-6039381599-2"
      role="menu"
      style="transform-origin: var(--popper-transform-origin); visibility: visible; opacity: 1; transform: none;"
      tabindex="-1"
    >
      <button
        class="chakra-menu__menuitem css-o182o0"
        data-index="0"
        id="menu-list-6039381599-2-menuitem-6039381599-3"
        role="menuitem"
        tabindex="-1"
        type="button"
      >
        Kick
      </button>
      <button
        class="chakra-menu__menuitem css-o182o0"
        data-index="1"
        id="menu-list-6039381599-2-menuitem-6039381599-4"
        role="menuitem"
        tabindex="-1"
        type="button"
      >
        Bass
      </button>
      <button
        class="chakra-menu__menuitem css-o182o0"
        data-index="2"
        id="menu-list-6039381599-2-menuitem-6039381599-5"
        role="menuitem"
        tabindex="-1"
        type="button"
      >
        Synth
      </button>
    </div>
  </div>
</div>
`;
